// Jest Snapshot v1, https://goo.gl/fbAQLP

exports[`BoardSquare renders 1`] = `
<DocumentFragment>
  <button
    class="MuiButton-root MuiButton-text MuiButton-textPrimary MuiButton-sizeMedium MuiButton-textSizeMedium MuiButtonBase-root sc-eCImPb fdDrdY css-1e6y48t-MuiButtonBase-root-MuiButton-root"
    data-testid="board-square"
    tabindex="0"
    type="button"
  >
    <span
      class="MuiTouchRipple-root css-8je8zh-MuiTouchRipple-root"
    />
  </button>
</DocumentFragment>
`;
